#1 [internal] load local bake definitions
#1 reading from stdin 568B done
#1 DONE 0.0s

#2 [internal] load build definition from Dockerfile.dev
#2 transferring dockerfile: 567B 0.0s done
#2 DONE 0.0s

#3 [internal] load metadata for docker.io/library/python:3.11-slim-bookworm
#3 DONE 1.3s

#4 [internal] load .dockerignore
#4 transferring context: 365B 0.0s done
#4 DONE 0.0s

#5 [1/8] FROM docker.io/library/python:3.11-slim-bookworm@sha256:97b0eafb29f5ebfba254be840115b2f3bc24ff6ff3de9b905e04b74ee7227ba6
#5 DONE 0.0s

#6 [2/8] WORKDIR /app
#6 CACHED

#7 [internal] load build context
#7 transferring context: 951.91kB 1.9s done
#7 DONE 2.0s

#8 [3/8] RUN apt-get update     && apt-get -y install netcat gcc postgresql    && apt-get clean
#8 0.620 Get:1 http://deb.debian.org/debian bookworm InRelease [151 kB]
#8 0.677 Get:2 http://deb.debian.org/debian bookworm-updates InRelease [55.4 kB]
#8 0.716 Get:3 http://deb.debian.org/debian-security bookworm-security InRelease [48.0 kB]
#8 0.948 Get:4 http://deb.debian.org/debian bookworm/main amd64 Packages [8792 kB]
#8 2.905 Get:5 http://deb.debian.org/debian bookworm-updates/main amd64 Packages [6924 B]
#8 2.906 Get:6 http://deb.debian.org/debian-security bookworm-security/main amd64 Packages [293 kB]
#8 4.406 Fetched 9346 kB in 4s (2448 kB/s)
#8 4.406 Reading package lists...
#8 5.246 Reading package lists...
#8 6.053 Building dependency tree...
#8 6.363 Reading state information...
#8 6.372 Package netcat is a virtual package provided by:
#8 6.372   netcat-openbsd 1.219-1
#8 6.372   netcat-traditional 1.10-47
#8 6.372 
#8 6.376 E: Package 'netcat' has no installation candidate
#8 ERROR: process "/bin/sh -c apt-get update     && apt-get -y install netcat gcc postgresql    && apt-get clean" did not complete successfully: exit code: 100
------
 > [3/8] RUN apt-get update     && apt-get -y install netcat gcc postgresql    && apt-get clean:
2.905 Get:5 http://deb.debian.org/debian bookworm-updates/main amd64 Packages [6924 B]
2.906 Get:6 http://deb.debian.org/debian-security bookworm-security/main amd64 Packages [293 kB]



6.372 Package netcat is a virtual package provided by:
6.372   netcat-openbsd 1.219-1
6.372   netcat-traditional 1.10-47
6.372 
6.376 E: Package 'netcat' has no installation candidate
------
docker-compose : Dockerfile.dev:12
At line:1 char:1
+ docker-compose build api > build_output.txt 2>&1
+ ~~~~~~~~~~~~~~~~~~~~~~~~~~~~~~~~~~~~~~~~~~~~~~~~
    + CategoryInfo          : NotSpecified: (Dockerfile.de 
   v:12:String) [], RemoteException
    + FullyQualifiedErrorId : NativeCommandError
 

--------------------

  11 |     

  12 | >>> RUN apt-get update \

  13 | >>>     && apt-get -y install netcat gcc postgresql\

  14 | >>>     && apt-get clean

  15 |     

--------------------

failed to solve: process "/bin/sh -c apt-get update     && 
apt-get -y install netcat gcc postgresql    && apt-get 
clean" did not complete successfully: exit code: 100

